1586 V1 R1 M00 IBM IPA/AIX                                   /lib/crt0_64.o                    07/03/2003 11:49:11   Page 1

                                     * * * * *   P r o l o g   * * * * *

 Command options:
    Primary input name. . . . . . : /lib/crt0_64.o
    Compiler options. . . . . . . : 

                              * * * * *   E n d   O f   P r o l o g   * * * * *
1586 V1 R1 M00 IBM IPA/AIX                                   /lib/crt0_64.o                    07/03/2003 11:49:11   Page 2

                            * * * * *   O b j e c t   F i l e   M a p   * * * * *

*Origin  IPA  File ID  File Name
   P      Y        1   /lib/crt0_64.o
   P      Y        2   /home/zam/zdv036/tree/spkvisit/liblvisit_spk.a
   P      Y        3   /home/admin/beta/visit-2.0b/lvisit/lib/liblvisit.a
   P      Y        4   /home/admin/beta/visit-2.0b/lib/libvisit.a
   P      Y        5   treemp.o
   P      Y        6   setup.o
   P      Y        7   configure.o
   P      Y        8   randion.o
   P      Y        9   predef_parts.o
   P      Y       10   maxwell1.o
   P      Y       11   cold_start.o
   P      Y       12   scramble_v.o
   P      Y       13   reset_ions.o
   P      Y       14   beam.o
   P      Y       15   beam_control.o
   P      Y       16   mc_config.o
   P      Y       17   make_domains.o
   P      Y       18   tree_build.o
   P      Y       19   make_branches.o
   P      Y       20   tree_fill.o
   P      Y       21   tree_properties.o
   P      Y       22   tree_walk.o
   P      Y       23   energy_cons.o
   P      Y       24   potenergy.o
   P      Y       25   sumpot.o
   P      Y       26   kinenergy.o
   P      Y       27   forces.o
   P      Y       28   forces_bal.o
   P      Y       29   sum_force.o
   P      Y       30   fpond.o
   P      Y       31   velocities.o
   P      Y       32   push.o
   P      Y       33   constrain.o
   P      Y       34   make_hashentry.o
   P      Y       35   get_address.o
   P      Y       36   get_node.o
   P      Y       37   diagnostics.o
   P      Y       38   diagnose_tree.o
   P      Y       39   check_table.o
   P      Y       40   draw_domains.o
   P      Y       41   draw_tree2d.o
   P      Y       42   draw_lists.o
   P      Y       43   vis_parts.o
   P      Y       44   vis_fields.o
   P      Y       45   dump.o
   P      Y       46   visit_dump.o
   P      Y       47   open_files.o
   P      Y       48   close_files.o
   P      Y       49   densities.o
   P      Y       50   track_nc.o
   P      Y       51   my_mpidefs.o
   P      Y       52   treevars.o
   P      Y       53   utils.o
   P      Y       54   /lib/liblapi_r.a
   P      Y       55   /usr/lpp/ppe.poe/lib/libmpi_r.a
   P      Y       56   /usr/lpp/ppe.poe/lib/libvtd_r.a
   P      Y       57   /lib/threads/libxlf90.a
   P      Y       58   /lib/libxlopt.a
   P      Y       59   /lib/libxlf.a
   P      Y       60   /lib/libxlomp_ser.a
   P      Y       61   /lib/libpthreads.a
   P      Y       62   /lib/libm_r.a
   P      Y       63   /lib/libm.a
   P      Y       64   /usr/lpp/ppe.poe/lib/libc_r.a
   P      Y       65   /usr/lpp/ppe.poe/lib/threads/libc.a
   P      Y       66   /usr/lpp/ppe.poe/lib/libc.a

ORIGIN:  P=primary input     PI=primary Include        SI=secondary Include   IN=internal
         A=automatic call     U=Upcase automatic call   R=Rename card          L=C Library

                     * * * * *   E n d   O f   O b j e c t   F i l e   M a p   * * * * *
1586-494 (U) INTERNAL COMPILER ERROR: Signal 11.
